** Drc report for focus-totem.kicad_pcb **
** Created on 2026-06-10T01:24:38 **
** Report includes: Errors, Warnings **

** Found 15 DRC violations **
[invalid_outline]: Board has malformed outline (no edges found on Edge.Cuts layer)
    Local override; error
    @(0.0000 mm, 0.0000 mm): PCB
[lib_footprint_issues]: The current configuration does not include the footprint library 'XIAO-RP2040'
    Local override; warning
    @(100.0000 mm, 100.0000 mm): Footprint U1
[lib_footprint_issues]: Footprint 'SW_Cherry_MX_1.00u' not found in library 'Button_Switch_Keyboard'
    Local override; warning
    @(80.0000 mm, 132.0000 mm): Footprint SW1
[lib_footprint_issues]: Footprint 'SW_Cherry_MX_1.00u' not found in library 'Button_Switch_Keyboard'
    Local override; warning
    @(100.0000 mm, 132.0000 mm): Footprint SW2
[lib_footprint_issues]: Footprint 'SW_Cherry_MX_1.00u' not found in library 'Button_Switch_Keyboard'
    Local override; warning
    @(120.0000 mm, 132.0000 mm): Footprint SW3
[lib_footprint_issues]: Footprint 'RotaryEncoder_Alps_EC11E-Switch' not found in library 'Rotary_Encoder'
    Local override; warning
    @(150.0000 mm, 132.0000 mm): Footprint SW4
[lib_footprint_mismatch]: Footprint 'PinHeader_1x04_P2.54mm_Vertical' does not match copy in library 'Connector_PinHeader_2.54mm'
    Local override; warning
    @(110.0000 mm, 78.0000 mm): Footprint J1
[lib_footprint_issues]: The current configuration does not include the footprint library 'SK6812MINI-E'
    Local override; warning
    @(90.0000 mm, 152.0000 mm): Footprint D1
[lib_footprint_issues]: The current configuration does not include the footprint library 'SK6812MINI-E'
    Local override; warning
    @(105.0000 mm, 152.0000 mm): Footprint D2
[lib_footprint_mismatch]: Footprint 'R_0805_2012Metric' does not match copy in library 'Resistor_SMD'
    Local override; warning
    @(128.0000 mm, 78.0000 mm): Footprint R1
[lib_footprint_mismatch]: Footprint 'R_0805_2012Metric' does not match copy in library 'Resistor_SMD'
    Local override; warning
    @(134.0000 mm, 78.0000 mm): Footprint R2
[lib_footprint_mismatch]: Footprint 'R_0805_2012Metric' does not match copy in library 'Resistor_SMD'
    Local override; warning
    @(122.0000 mm, 152.0000 mm): Footprint R3
[lib_footprint_mismatch]: Footprint 'C_0805_2012Metric' does not match copy in library 'Capacitor_SMD'
    Local override; warning
    @(140.0000 mm, 78.0000 mm): Footprint C1
[lib_footprint_mismatch]: Footprint 'C_0805_2012Metric' does not match copy in library 'Capacitor_SMD'
    Local override; warning
    @(146.0000 mm, 78.0000 mm): Footprint C2
[silk_over_copper]: Silkscreen clipped by solder mask
    Local override; warning
    @(110.0000 mm, 75.0000 mm): Reference field of J1
    @(110.0000 mm, 74.1900 mm): PTH pad 1 [GND] of J1

** Found 30 unconnected pads **
[unconnected_items]: Missing connection between items
    Local override; error
    @(88.3000 mm, 151.0000 mm): Pad 1 [+5V] of D1 on F.Cu
    @(103.3000 mm, 151.0000 mm): Pad 1 [+5V] of D2 on F.Cu
[unconnected_items]: Missing connection between items
    Local override; error
    @(92.3800 mm, 92.3800 mm): Pad 1 [+5V] of U1 on F.Cu
    @(88.3000 mm, 151.0000 mm): Pad 1 [+5V] of D1 on F.Cu
[unconnected_items]: Missing connection between items
    Local override; error
    @(145.0500 mm, 78.0000 mm): Pad 1 [+5V] of C2 on F.Cu
    @(92.3800 mm, 92.3800 mm): Pad 1 [+5V] of U1 on F.Cu
[unconnected_items]: Missing connection between items
    Local override; error
    @(82.5400 mm, 137.0800 mm): PTH pad 2 [GND] of SW1
    @(91.7000 mm, 153.0000 mm): Pad 3 [GND] of D1 on F.Cu
[unconnected_items]: Missing connection between items
    Local override; error
    @(91.7000 mm, 153.0000 mm): Pad 3 [GND] of D1 on F.Cu
    @(106.7000 mm, 153.0000 mm): Pad 3 [GND] of D2 on F.Cu
[unconnected_items]: Missing connection between items
    Local override; error
    @(92.3800 mm, 94.9200 mm): Pad 2 [GND] of U1 on F.Cu
    @(82.5400 mm, 137.0800 mm): PTH pad 2 [GND] of SW1
[unconnected_items]: Missing connection between items
    Local override; error
    @(102.5400 mm, 137.0800 mm): PTH pad 2 [GND] of SW2
    @(106.7000 mm, 153.0000 mm): Pad 3 [GND] of D2 on F.Cu
[unconnected_items]: Missing connection between items
    Local override; error
    @(102.5400 mm, 137.0800 mm): PTH pad 2 [GND] of SW2
    @(122.5400 mm, 137.0800 mm): PTH pad 2 [GND] of SW3
[unconnected_items]: Missing connection between items
    Local override; error
    @(110.0000 mm, 74.1900 mm): PTH pad 1 [GND] of J1
    @(92.3800 mm, 94.9200 mm): Pad 2 [GND] of U1 on F.Cu
[unconnected_items]: Missing connection between items
    Local override; error
    @(110.0000 mm, 74.1900 mm): PTH pad 1 [GND] of J1
    @(140.9500 mm, 78.0000 mm): Pad 2 [GND] of C1 on F.Cu
[unconnected_items]: Missing connection between items
    Local override; error
    @(140.9500 mm, 78.0000 mm): Pad 2 [GND] of C1 on F.Cu
    @(146.9500 mm, 78.0000 mm): Pad 2 [GND] of C2 on F.Cu
[unconnected_items]: Missing connection between items
    Local override; error
    @(147.5000 mm, 127.0000 mm): PTH pad S1 [GND] of SW4
    @(122.5400 mm, 137.0800 mm): PTH pad 2 [GND] of SW3
[unconnected_items]: Missing connection between items
    Local override; error
    @(150.0000 mm, 137.0000 mm): PTH pad C [GND] of SW4
    @(147.5000 mm, 127.0000 mm): PTH pad S1 [GND] of SW4
[unconnected_items]: Missing connection between items
    Local override; error
    @(110.0000 mm, 76.7300 mm): PTH pad 2 [+3V3] of J1
    @(92.3800 mm, 97.4600 mm): Pad 3 [+3V3] of U1 on F.Cu
[unconnected_items]: Missing connection between items
    Local override; error
    @(127.0500 mm, 78.0000 mm): Pad 1 [+3V3] of R1 on F.Cu
    @(110.0000 mm, 76.7300 mm): PTH pad 2 [+3V3] of J1
[unconnected_items]: Missing connection between items
    Local override; error
    @(133.0500 mm, 78.0000 mm): Pad 1 [+3V3] of R2 on F.Cu
    @(127.0500 mm, 78.0000 mm): Pad 1 [+3V3] of R1 on F.Cu
[unconnected_items]: Missing connection between items
    Local override; error
    @(139.0500 mm, 78.0000 mm): Pad 1 [+3V3] of C1 on F.Cu
    @(133.0500 mm, 78.0000 mm): Pad 1 [+3V3] of R2 on F.Cu
[unconnected_items]: Missing connection between items
    Local override; error
    @(76.1900 mm, 134.5400 mm): PTH pad 1 [KEY1] of SW1
    @(92.3800 mm, 100.0000 mm): Pad 4 [KEY1] of U1 on F.Cu
[unconnected_items]: Missing connection between items
    Local override; error
    @(92.3800 mm, 102.5400 mm): Pad 5 [KEY2] of U1 on F.Cu
    @(96.1900 mm, 134.5400 mm): PTH pad 1 [KEY2] of SW2
[unconnected_items]: Missing connection between items
    Local override; error
    @(92.3800 mm, 105.0800 mm): Pad 6 [KEY3] of U1 on F.Cu
    @(116.1900 mm, 134.5400 mm): PTH pad 1 [KEY3] of SW3
[unconnected_items]: Missing connection between items
    Local override; error
    @(92.3800 mm, 107.6200 mm): Pad 7 [ENC_SW] of U1 on F.Cu
    @(152.5000 mm, 127.0000 mm): PTH pad S2 [ENC_SW] of SW4
[unconnected_items]: Missing connection between items
    Local override; error
    @(110.0000 mm, 81.8100 mm): PTH pad 4 [SDA] of J1
    @(107.6200 mm, 92.3800 mm): Pad 8 [SDA] of U1 on F.Cu
[unconnected_items]: Missing connection between items
    Local override; error
    @(128.9500 mm, 78.0000 mm): Pad 2 [SDA] of R1 on F.Cu
    @(110.0000 mm, 81.8100 mm): PTH pad 4 [SDA] of J1
[unconnected_items]: Missing connection between items
    Local override; error
    @(110.0000 mm, 79.2700 mm): PTH pad 3 [SCL] of J1
    @(107.6200 mm, 94.9200 mm): Pad 9 [SCL] of U1 on F.Cu
[unconnected_items]: Missing connection between items
    Local override; error
    @(134.9500 mm, 78.0000 mm): Pad 2 [SCL] of R2 on F.Cu
    @(110.0000 mm, 79.2700 mm): PTH pad 3 [SCL] of J1
[unconnected_items]: Missing connection between items
    Local override; error
    @(107.6200 mm, 97.4600 mm): Pad 10 [ENC_A] of U1 on F.Cu
    @(147.5000 mm, 137.0000 mm): PTH pad A [ENC_A] of SW4
[unconnected_items]: Missing connection between items
    Local override; error
    @(107.6200 mm, 100.0000 mm): Pad 11 [ENC_B] of U1 on F.Cu
    @(152.5000 mm, 137.0000 mm): PTH pad B [ENC_B] of SW4
[unconnected_items]: Missing connection between items
    Local override; error
    @(107.6200 mm, 102.5400 mm): Pad 12 [DATA_RAW] of U1 on F.Cu
    @(121.0500 mm, 152.0000 mm): Pad 1 [DATA_RAW] of R3 on F.Cu
[unconnected_items]: Missing connection between items
    Local override; error
    @(88.3000 mm, 153.0000 mm): Pad 4 [DIN1] of D1 on F.Cu
    @(122.9500 mm, 152.0000 mm): Pad 2 [DIN1] of R3 on F.Cu
[unconnected_items]: Missing connection between items
    Local override; error
    @(91.7000 mm, 151.0000 mm): Pad 2 [DOUT1] of D1 on F.Cu
    @(103.3000 mm, 153.0000 mm): Pad 4 [DOUT1] of D2 on F.Cu

** Found 0 Footprint errors **

** Ignored checks **
    - Footprint has no courtyard defined
    - Track endpoint not centered on via
    - Tuning profile track geometries
    - Footprint doesn't match symbol's footprint filters
    - Footprint component type doesn't match footprint pads

** End of Report **
