ERC report (2026-06-10T01:24:03, Encoding UTF8)
Report includes: Errors, Warnings

***** Sheet /
[label_dangling]: Label not connected
    ; error
    @(7300 mils, 4700 mils): Label 'DOUT1'
[label_dangling]: Label not connected
    ; error
    @(7300 mils, 4700 mils): Label 'DOUT1'
[footprint_link_issues]: The current configuration does not include the footprint library 'XIAO-RP2040'
    ; warning
    @(3150 mils, 3550 mils): Symbol U1 [XIAO]
[lib_symbol_issues]: The current configuration does not include the symbol library 'ft'
    ; warning
    @(3150 mils, 3550 mils): Symbol U1 [XIAO]
[lib_symbol_issues]: The current configuration does not include the symbol library 'ft'
    ; warning
    @(3750 mils, 4700 mils): Symbol C2 [C]
[lib_symbol_issues]: The current configuration does not include the symbol library 'ft'
    ; warning
    @(3950 mils, 4700 mils): Symbol C1 [C]
[lib_symbol_issues]: The current configuration does not include the symbol library 'ft'
    ; warning
    @(4350 mils, 4700 mils): Symbol R1 [R]
[lib_symbol_issues]: The current configuration does not include the symbol library 'ft'
    ; warning
    @(4550 mils, 4700 mils): Symbol R2 [R]
[footprint_link_issues]: Footprint 'SW_Cherry_MX_1.00u' not found in library 'Button_Switch_Keyboard'
    ; warning
    @(5100 mils, 2350 mils): Symbol SW1 [SWKEY]
[lib_symbol_issues]: The current configuration does not include the symbol library 'ft'
    ; warning
    @(5100 mils, 2350 mils): Symbol SW1 [SWKEY]
[footprint_link_issues]: Footprint 'RotaryEncoder_Alps_EC11E-Switch' not found in library 'Rotary_Encoder'
    ; warning
    @(5100 mils, 3750 mils): Symbol SW4 [ENC]
[lib_symbol_issues]: The current configuration does not include the symbol library 'ft'
    ; warning
    @(5100 mils, 3750 mils): Symbol SW4 [ENC]
[lib_symbol_issues]: The current configuration does not include the symbol library 'ft'
    ; warning
    @(5100 mils, 5100 mils): Symbol J1 [OLED]
[footprint_link_issues]: Footprint 'SW_Cherry_MX_1.00u' not found in library 'Button_Switch_Keyboard'
    ; warning
    @(5900 mils, 2350 mils): Symbol SW2 [SWKEY]
[lib_symbol_issues]: The current configuration does not include the symbol library 'ft'
    ; warning
    @(5900 mils, 2350 mils): Symbol SW2 [SWKEY]
[lib_symbol_issues]: The current configuration does not include the symbol library 'ft'
    ; warning
    @(6500 mils, 3750 mils): Symbol R3 [R]
[footprint_link_issues]: Footprint 'SW_Cherry_MX_1.00u' not found in library 'Button_Switch_Keyboard'
    ; warning
    @(6700 mils, 2350 mils): Symbol SW3 [SWKEY]
[lib_symbol_issues]: The current configuration does not include the symbol library 'ft'
    ; warning
    @(6700 mils, 2350 mils): Symbol SW3 [SWKEY]
[footprint_link_issues]: The current configuration does not include the footprint library 'SK6812MINI-E'
    ; warning
    @(6900 mils, 4700 mils): Symbol D1 [LED]
[lib_symbol_issues]: The current configuration does not include the symbol library 'ft'
    ; warning
    @(6900 mils, 4700 mils): Symbol D1 [LED]
[footprint_link_issues]: The current configuration does not include the footprint library 'SK6812MINI-E'
    ; warning
    @(7700 mils, 4700 mils): Symbol D2 [LED]
[lib_symbol_issues]: The current configuration does not include the symbol library 'ft'
    ; warning
    @(7700 mils, 4700 mils): Symbol D2 [LED]
[isolated_pin_label]: Label connected to only one pin
    ; warning
    @(8100 mils, 4700 mils): Label 'DOUT2'

 ** ERC messages: 23  Errors 2  Warnings 21

 ** Ignored checks:
    - Global label only appears once in the schematic
    - Four connection points are joined together
    - SPICE model issue
    - Assigned footprint doesn't match footprint filters
